<NER> <PER>Emma Smith</PER>, <PER>Alexander Johnson</PER>? <PER>Olivia Brown</PER> <PER>William Davis</PER>, <PER>Sophia Martinez</PER>!
<PER>James Anderson</PER>, <PER>Ava Garcia</PER>, <PER>Benjamin
Wilson</PER>, <PER>Mia Taylor</PER>. <PER>Ethan P. Lopez</PER>, <PER>Samantha-Jane O'Connor</PER>. </NER>