<NER>On the year of 2024, <PER>John<\PER> ventured out to Mississippi. There he was able to meet new friends. The first friend he met was <PER>Sarah Jacobson<\PER>. <PER>Sarah<\PER> was an athlete from New York. The second friend was <PER>Michael Smith<\PER>. <PER>Michael<\PER>, who usually like to go by <PER>Mike<\PER>,  was a Doctor who worked at the Memorial Herman Hospital in Houston, Texas. <PER>John<\PER> is enjoying life in Mississippi.</NER>